// Vitest Snapshot v1, https://vitest.dev/guide/snapshot.html

exports[`2024-01-03 1`] = `
[
  {
    "info": {
      "colors": [
        "w",
      ],
      "date": "2024-01-03",
      "day": Day {
        "celebration": [],
        "commemoration": [],
        "date": "2024-01-03",
        "tempora": [],
      },
      "id": "sancti:01-01:1:w",
      "rank": 4,
      "tempora": undefined,
      "title": "Circuncisão do Senhor e Oitava do Natal",
    },
    "sections": [
      {
        "body": {
          "latin": [
            "Isa 9:6",
            "Puer natus est nobis, et fílius datus est nobis: cujus impérium super húmerum ejus: et vocábitur nomen ejus magni consílii Angelus.",
            "Ps 97:1",
            "Cantáte Dómino cánticum novum: quia mirabília fecit.",
            "Glória Patri…",
            "Puer natus est nobis, et fílius datus est nobis: cujus impérium super húmerum ejus: et vocábitur nomen ejus magni consílii Angelus.",
            "",
          ],
          "vernacular": [
            "Is 9:6",
            "Nasceu para nós um Menino e foi-nos dado um Filho que traz sobre os ombros o manto da realeza, o qual será chamado «Anjo do admirável conselho».",
            "Sl 97:1",
            "Cantai ao Senhor um hino novo, pois Ele operou maravilhas.",
            "Glória ao Pai.",
            "Nasceu para nós um Menino e foi-nos dado um Filho que traz sobre os ombros o manto da realeza, o qual será chamado «Anjo do admirável conselho».",
            "",
          ],
        },
        "id": "Introitus",
        "subSections": [],
      },
      {
        "body": {
          "latin": [
            "Deus, qui salútis ætérnæ, beátæ Maríæ virginitáte fecúnda, humáno géneri præmia præstitísti: tríbue, quǽsumus; ut ipsam pro nobis intercédere sentiámus, per quam merúimus auctórem vitæ suscípere, Dóminum nostrum Jesum Christum, Fílium tuum:",
            "Qui tecum…",
            "",
          ],
          "vernacular": [
            "Ó Deus, que pela virgindade fecunda da Bem-aventurada Virgem Maria concedestes ao género humano o prémio da salvação eterna, permiti, Vos imploramos, que gozemos a intercessão daquela pela qual fomos julgados dignos de receber o autor da vida, nosso Senhor Jesus Cristo, vosso Filho:",
            "Que convosco vive...",
            "",
          ],
        },
        "id": "Oratio",
        "subSections": [],
      },
      {
        "body": {
          "latin": [
            "Léctio Epístolæ beati Pauli Apóstoli ad Titum",
            "Tit 2:11-15",
            "Caríssime: Appáruit grátia Dei Salvatóris nostri ómnibus homínibus, erúdiens nos, ut, abnegántes impietátem et sæculária desidéria, sóbrie et juste et pie vivámus in hoc sǽculo, exspectántes beátam spem et advéntum glóriæ magni Dei et Salvatóris nostri Jesu Christi: qui dedit semetípsum pro nobis: ut nos redímeret ab omni iniquitáte, et mundáret sibi pópulum acceptábilem, sectatórem bonórum óperum. Hæc lóquere et exhortáre: in Christo Jesu, Dómino nostro.",
            "",
          ],
          "vernacular": [
            "Lição da Ep.ª do B. Ap.º Paulo a Tito.",
            "Tt 2:11-15",
            "Caríssimo: A graça de Deus, nosso Salvador, manifestou-se a todos os homens, ensinando-nos, a fim de que, repudiando a impiedade e os apetites terrenos, vivamos neste mundo com temperança, justiça e piedade, pensando na esperança, na bem-aventurança eterna e na vinda da glória do nosso grande Deus e Salvador, Jesus Cristo: que se ofereceu espontaneamente por nós, para nos resgatar de toda a iniquidade e tornar-nos numa raça purificada, escolhida e zelosa em suas boas obras. Ensina e prega estas cousas, em Jesus Cristo, nosso Senhor!",
            "",
          ],
        },
        "id": "Lectio",
        "subSections": [],
      },
      {
        "body": {
          "latin": [
            "Ps 97:3; 97:2",
            "Vidérunt omnes fines terræ salutare Dei nostri: jubiláte Deo, omnis terra.",
            "℣. Notum fecit Dominus salutare suum: ante conspéctum géntium revelávit justitiam suam. Allelúja, allelúja.",
            "Heb 1:1-2",
            "Multifárie olim Deus loquens pátribus in Prophétis, novíssime diébus istis locútus est nobis in Fílio. Allelúja.",
            "",
          ],
          "vernacular": [
            "Sl 97:3; 97:2",
            "Toda a terra viu o Salvador que o nosso Deus enviou: aclamai, pois, o Senhor, ó povos de toda a terra!",
            "℣. O Senhor manifestou o Salvador que havia prometido: e manifestou a sua justiça aos olhos dos povos. Aleluia, aleluia.",
            "Heb 1:1-2",
            "Deus, que outrora falou de diversas maneiras pelos Profetas, dignou-se falar-nos nos últimos tempos pelo seu Filho. Aleluia.",
            "",
          ],
        },
        "id": "Graduale",
        "subSections": [],
      },
      {
        "body": {
          "latin": [
            "Sequéntia ☩ sancti Evangélii secúndum Lucam",
            "Luc 2:21",
            "In illo témpore: Postquam consummáti sunt dies octo, ut circumciderétur Puer: vocátum est nomen ejus Jesus, quod vocátum est ab Angelo, priúsquam in útero conciperétur.",
            "",
          ],
          "vernacular": [
            "Continuação ☩ do santo Evangelho segundo S. Lucas.",
            "Lc 2:21",
            "Naquele tempo, passados que foram oito dias depois dos quais o Menino devia ser circuncidado, foi-Lhe dado o nome de Jesus, que foi aquele que o Anjo Lhe havia dado, antes de ser concebido no seio de sua Mãe.",
            "",
          ],
        },
        "id": "Evangelium",
        "subSections": [],
      },
      {
        "body": {
          "latin": [
            "Ps 88:12; 88:15",
            "Tui sunt coeli et tua est terra: orbem terrárum et plenitúdinem ejus tu fundásti: justítia et judícium præparátio sedis tuæ.",
            "",
          ],
          "vernacular": [
            "Sl 88:12; 88:15",
            "A Vós, Senhor, pertencem os céus e a terra, pois criastes o universo e tudo o que ele encerra. A justiça e a equidade são a base do vosso trono.",
            "",
          ],
        },
        "id": "Offertorium",
        "subSections": [],
      },
      {
        "body": {
          "latin": [
            "Munéribus nostris, quǽsumus, Dómine, precibúsque suscéptis: et coeléstibus nos munda mystériis, et cleménter exáudi.",
            "Per Dominum…",
            "",
          ],
          "vernacular": [
            "Havendo Vós, Senhor, recebido benignamente os nossos dons e orações, dignai-Vos ainda, Vos suplicamos, purificar-nos pela virtude dos vossos celestiais mystérios e ouvir-nos misericordiosamente.",
            "Por nosso Senhor...",
            "",
          ],
        },
        "id": "Secreta",
        "subSections": [],
      },
      {
        "body": {
          "latin": [
            "Communis",
            "Vere dignum et justum est, æquum et salutáre, nos tibi semper et ubíque grátias ágere: Dómine sancte, Pater omnípotens, ætérne Deus: per Christum, Dóminum nostrum. Per quem majestátem tuam laudant Angeli, adórant Dominatiónes, tremunt Potestátes. Cæli cælorúmque Virtútes ac beáta Séraphim sócia exsultatióne concélebrant. Cum quibus et nostras voces ut admítti jubeas, deprecámur, súpplici confessione dicéntes:",
            "",
          ],
          "vernacular": [
            "Comum",
            "É verdadeiramente digno e justo, racional e salutar render-Vos graças em todos os lugares e sempre, ó Senhor santo, Pai omnipotente, eterno Deus, por nosso Senhor Jesus Cristo. Pelo qual os Anjos louvam a vossa majestade, as Dominações a adoram e as Potestades se prostram reverentes; e os Céus, as Virtudes dos céus e os bem-aventurados Serafins a celebram em comum alegria e louvor. Dignai-Vos permitir, Vos imploramos, que as nossas vozes suplicantes se unam às deles, dizendo:",
            "",
          ],
        },
        "id": "Prefatio",
        "subSections": [],
      },
      {
        "body": {
          "latin": [
            "Ps 97:3",
            "Vidérunt omnes fines terræ salutáre Dei nostri.",
            "",
          ],
          "vernacular": [
            "Sl 97:3",
            "Toda a terra viu o Salvador que o nosso Deus enviou.",
            "",
          ],
        },
        "id": "Communio",
        "subSections": [],
      },
      {
        "body": {
          "latin": [
            "Hæc nos commúnio, Dómine, purget a crímine: et, intercedénte beáta Vírgine Dei Genetríce María, cæléstis remédii fáciat esse consórtes.",
            "Per eúndem…",
            "",
          ],
          "vernacular": [
            "Que esta comunhão, Senhor, nos purifique de nossos crimes e que por intercessão da B. Virgem Maria, Mãe de Deus, nos torne participantes do remédio celestial.",
            "Pelo mesmo nosso Senhor...",
            "",
          ],
        },
        "id": "Postcommunio",
        "subSections": [],
      },
      {
        "body": {
          "latin": [
            "Sequéntia ☩ sancti Evangélii secúndum Matthǽum",
            "Matt 2:1-12",
            "Cum natus esset Jesus in Béthlehem Juda in diébus Heródis regis, ecce, Magi ab Oriénte venerunt Jerosólymam, dicéntes: Ubi est, qui natus est rex Judæórum? Vidimus enim stellam ejus in Oriénte, et vénimus adoráre eum. Audiens autem Heródes rex, turbatus est, et omnis Jerosólyma cum illo. Et cóngregans omnes principes sacerdotum et scribas pópuli, sciscitabátur ab eis, ubi Christus nasceretur. At illi dixérunt ei: In Béthlehem Judæ: sic enim scriptum est per Prophétam: Et tu, Béthlehem terra Juda, nequaquam mínima es in princípibus Juda; ex te enim éxiet dux, qui regat pópulum meum Israël. Tunc Heródes, clam vocátis Magis, diligénter dídicit ab eis tempus stellæ, quæ appáruit eis: et mittens illos in Béthlehem, dixit: Ite, et interrogáte diligénter de púero: et cum invenéritis, renuntiáte mihi, ut et ego véniens adórem eum. Qui cum audíssent regem, abiérunt. Et ecce, stella, quam víderant in Oriénte, antecedébat eos, usque dum véniens staret supra, ubi erat Puer. Vidéntes autem stellam, gavísi sunt gáudio magno valde. Et intrántes domum, invenérunt Púerum cum María Matre ejus, (hic genuflectitur) et procidéntes adoravérunt eum. Et, apértis thesáuris suis, obtulérunt ei múnera, aurum, thus et myrrham. Et respónso accépto in somnis, ne redírent ad Heródem, per aliam viam revérsi sunt in regiónem suam.",
            "",
            "",
          ],
          "vernacular": [
            "Continuação ☩ do santo Evangelho segundo S. Mateus.",
            "Mt. 2:19-23",
            "Havendo Jesus nascido em Belém, de Judá, no tempo do rei Herodes, eis que vieram a Jerusalém os Magos do Oriente, dizendo: «Onde está o Rei dos Judeus, que acaba de nascer? Pois vimos a sua estrela no Oriente e viemos adorá-l’O». Logo que o rei Herodes ouviu esta notícia, ficou perturbado, assim como toda a gente de Jerusalém, convocando logo todos os príncipes dos sacerdotes e os escribas do povo, para saber deles onde deveria nascer Cristo. Responderam-lhe eles: «Em Belém, de Judá, pois está escrito pelo Profeta: «E tu, Belém, terra de Judá, não serás certamente a menos importante entre as terras principais de Judá, pois em ti nascerá o Rei, que governará o meu povo de Israel». Então Herodes mandou chamar em segredo os Magos, informando-se com eles diligentemente acerca do tempo em que a estrela havia aparecido. E enviando-os a Belém, disse-lhes: «Ide, procurai diligentemente o Menino, e, logo que O houverdes achado, avisai-me, para que eu vá, também, adorá-l’O». Os Magos, tendo ouvido estas palavras, partiram. Ora, a estrela, que tinham visto no Oriente ia adiante deles, até que, chegando ao lugar onde estava o Menino, parou. Quando os Magos viram a estrela, alegraram-se muito. Entrando, então, na casa, encontraram o Menino com Maria, sua mãe; e, de joelhos, O adoraram. (Todos devem ajoelhar) E, tendo aberto os seus tesouros, ofereceram-Lhe presentes de ouro, incenso e mirra. Depois, havendo tido aviso em sonhos de que não deveriam voltar a encontrar Herodes, retiraram-se por outro caminho para o seu país.",
          ],
        },
        "id": "Ultima Evangelium",
        "subSections": [],
      },
    ],
  },
]
`;
